pocketnet@0.0.51-beta D:\work\pocketnet\pocketnet.gui
+-- aes-js@3.1.2
+-- auto-launch@5.0.5
| +-- applescript@1.0.0
| +-- mkdirp@0.5.5
| | `-- minimist@1.2.5
| +-- path-is-absolute@1.0.1
| +-- untildify@3.0.3
| `-- winreg@1.2.4
+-- bech32@1.1.3
+-- bip32@2.0.3
| +-- @types/node@10.12.18
| +-- bs58check@2.1.2
| | +-- bs58@4.0.1
| | | `-- base-x@3.0.5
| | |   `-- safe-buffer@5.1.2 deduped
| | +-- create-hash@1.2.0 deduped
| | `-- safe-buffer@5.1.2 deduped
| +-- create-hash@1.2.0
| | +-- cipher-base@1.0.4
| | | +-- inherits@2.0.3 deduped
| | | `-- safe-buffer@5.1.2 deduped
| | +-- inherits@2.0.3
| | +-- md5.js@1.3.5
| | | +-- hash-base@3.0.4 deduped
| | | +-- inherits@2.0.3 deduped
| | | `-- safe-buffer@5.1.2 deduped
| | +-- ripemd160@2.0.2 deduped
| | `-- sha.js@2.4.11 deduped
| +-- create-hmac@1.1.7
| | +-- cipher-base@1.0.4 deduped
| | +-- create-hash@1.2.0 deduped
| | +-- inherits@2.0.3 deduped
| | +-- ripemd160@2.0.2 deduped
| | +-- safe-buffer@5.1.2 deduped
| | `-- sha.js@2.4.11 deduped
| +-- tiny-secp256k1@1.1.2 deduped
| +-- typeforce@1.18.0 deduped
| `-- wif@2.0.6 deduped
+-- bip66@1.1.5
| `-- safe-buffer@5.1.2
+-- desandro-matches-selector@2.0.2
+-- electron@9.1.2
| +-- @electron/get@1.12.2
| | +-- debug@4.1.1
| | | `-- ms@2.1.1 deduped
| | +-- env-paths@2.2.0
| | +-- fs-extra@8.1.0
| | | +-- graceful-fs@4.2.3
| | | +-- jsonfile@4.0.0 deduped
| | | `-- universalify@0.1.2 deduped
| | +-- global-agent@2.1.12
| | | +-- boolean@3.0.1
| | | +-- core-js@3.6.5
| | | +-- es6-error@4.1.1
| | | +-- matcher@3.0.0
| | | | `-- escape-string-regexp@4.0.0
| | | +-- roarr@2.15.3
| | | | +-- boolean@3.0.1 deduped
| | | | +-- detect-node@2.0.4
| | | | +-- globalthis@1.0.1
| | | | | `-- define-properties@1.1.3
| | | | |   `-- object-keys@1.1.1
| | | | +-- json-stringify-safe@5.0.1 deduped
| | | | +-- semver-compare@1.0.0
| | | | `-- sprintf-js@1.1.2
| | | +-- semver@7.3.2
| | | `-- serialize-error@7.0.1
| | |   `-- type-fest@0.13.1
| | +-- global-tunnel-ng@2.7.1
| | | +-- encodeurl@1.0.2
| | | +-- lodash@4.17.19
| | | +-- npm-conf@1.1.3
| | | | +-- config-chain@1.1.12
| | | | | +-- ini@1.3.5 deduped
| | | | | `-- proto-list@1.2.4
| | | | `-- pify@3.0.0
| | | `-- tunnel@0.0.6
| | +-- got@9.6.0
| | | +-- @sindresorhus/is@0.14.0
| | | +-- @szmarczak/http-timer@1.1.2
| | | | `-- defer-to-connect@1.0.2
| | | +-- cacheable-request@6.1.0
| | | | +-- clone-response@1.0.2
| | | | | `-- mimic-response@1.0.1 deduped
| | | | +-- get-stream@5.1.0
| | | | | `-- pump@3.0.0 deduped
| | | | +-- http-cache-semantics@4.0.3
| | | | +-- keyv@3.1.0
| | | | | `-- json-buffer@3.0.0
| | | | +-- lowercase-keys@2.0.0
| | | | +-- normalize-url@4.5.0
| | | | `-- responselike@1.0.2
| | | |   `-- lowercase-keys@1.0.1 deduped
| | | +-- decompress-response@3.3.0
| | | | `-- mimic-response@1.0.1 deduped
| | | +-- duplexer3@0.1.4
| | | +-- get-stream@4.1.0
| | | | `-- pump@3.0.0
| | | |   +-- end-of-stream@1.4.4
| | | |   | `-- once@1.4.0 deduped
| | | |   `-- once@1.4.0 deduped
| | | +-- lowercase-keys@1.0.1
| | | +-- mimic-response@1.0.1
| | | +-- p-cancelable@1.1.0
| | | +-- to-readable-stream@1.0.0
| | | `-- url-parse-lax@3.0.0
| | |   `-- prepend-http@2.0.0
| | +-- progress@2.0.3
| | +-- sanitize-filename@1.6.3 deduped
| | `-- sumchecker@3.0.1
| |   `-- debug@4.1.1
| |     `-- ms@2.1.1 deduped
| +-- @types/node@12.12.53
| `-- extract-zip@1.7.0
|   +-- concat-stream@1.6.2
|   | +-- buffer-from@1.1.1
|   | +-- inherits@2.0.3 deduped
|   | +-- readable-stream@2.3.7
|   | | +-- core-util-is@1.0.2
|   | | +-- inherits@2.0.3 deduped
|   | | +-- isarray@1.0.0
|   | | +-- process-nextick-args@2.0.1
|   | | +-- safe-buffer@5.1.2 deduped
|   | | +-- string_decoder@1.1.1
|   | | | `-- safe-buffer@5.1.2 deduped
|   | | `-- util-deprecate@1.0.2
|   | `-- typedarray@0.0.6
|   +-- debug@2.6.9
|   | `-- ms@2.0.0
|   +-- mkdirp@0.5.5
|   | `-- minimist@1.2.5
|   `-- yauzl@2.10.0
|     +-- buffer-crc32@0.2.13
|     `-- fd-slicer@1.1.0
|       `-- pend@1.2.0
+-- electron-builder@20.44.4
| +-- app-builder-lib@20.44.4
| | +-- 7zip-bin@4.1.0
| | +-- app-builder-bin@2.7.1
| | +-- async-exit-hook@2.0.1
| | +-- bluebird-lst@1.0.9 deduped
| | +-- builder-util@10.1.2 deduped
| | +-- builder-util-runtime@8.2.5
| | | +-- bluebird-lst@1.0.9 deduped
| | | +-- debug@4.1.1 deduped
| | | +-- fs-extra-p@8.1.0 deduped
| | | `-- sax@1.2.4 deduped
| | +-- chromium-pickle-js@0.2.0
| | +-- debug@4.1.1
| | | `-- ms@2.1.1 deduped
| | +-- ejs@2.7.1
| | +-- electron-osx-sign@0.4.11
| | | +-- bluebird@3.7.1 deduped
| | | +-- compare-version@0.1.2
| | | +-- debug@2.6.9
| | | | `-- ms@2.0.0
| | | +-- isbinaryfile@3.0.3
| | | | `-- buffer-alloc@1.2.0
| | | |   +-- buffer-alloc-unsafe@1.1.0
| | | |   `-- buffer-fill@1.0.0
| | | +-- minimist@1.2.5 deduped
| | | `-- plist@3.0.1 deduped
| | +-- electron-publish@20.44.4
| | | +-- bluebird-lst@1.0.9 deduped
| | | +-- builder-util@10.1.2 deduped
| | | +-- builder-util-runtime@8.3.0 deduped
| | | +-- chalk@2.4.2 deduped
| | | +-- fs-extra-p@8.1.0 deduped
| | | +-- lazy-val@1.0.4 deduped
| | | `-- mime@2.4.4
| | +-- fs-extra-p@8.1.0 deduped
| | +-- hosted-git-info@2.7.1
| | +-- is-ci@2.0.0 deduped
| | +-- isbinaryfile@4.0.2
| | +-- js-yaml@3.13.1 deduped
| | +-- lazy-val@1.0.4 deduped
| | +-- minimatch@3.0.4
| | | `-- brace-expansion@1.1.11
| | |   +-- balanced-match@1.0.0
| | |   `-- concat-map@0.0.1
| | +-- normalize-package-data@2.5.0
| | | +-- hosted-git-info@2.7.1 deduped
| | | +-- resolve@1.10.0
| | | | `-- path-parse@1.0.6
| | | +-- semver@5.6.0 deduped
| | | `-- validate-npm-package-license@3.0.4
| | |   +-- spdx-correct@3.1.0
| | |   | +-- spdx-expression-parse@3.0.0 deduped
| | |   | `-- spdx-license-ids@3.0.3
| | |   `-- spdx-expression-parse@3.0.0
| | |     +-- spdx-exceptions@2.2.0
| | |     `-- spdx-license-ids@3.0.3 deduped
| | +-- plist@3.0.1
| | | +-- base64-js@1.3.1
| | | +-- xmlbuilder@9.0.7
| | | `-- xmldom@0.1.27
| | +-- read-config-file@3.2.2 deduped
| | +-- sanitize-filename@1.6.3 deduped
| | +-- semver@6.3.0
| | `-- temp-file@3.3.4
| |   +-- async-exit-hook@2.0.1 deduped
| |   `-- fs-extra@8.1.0 deduped
| +-- bluebird-lst@1.0.9
| | `-- bluebird@3.7.1
| +-- builder-util@10.1.2
| | +-- 7zip-bin@4.1.0 deduped
| | +-- @types/debug@4.1.5
| | +-- app-builder-bin@2.7.1 deduped
| | +-- bluebird-lst@1.0.9 deduped
| | +-- builder-util-runtime@8.3.0 deduped
| | +-- chalk@2.4.2 deduped
| | +-- debug@4.1.1
| | | `-- ms@2.1.1 deduped
| | +-- fs-extra-p@8.1.0 deduped
| | +-- is-ci@2.0.0 deduped
| | +-- js-yaml@3.13.1 deduped
| | +-- source-map-support@0.5.13
| | | +-- buffer-from@1.1.1 deduped
| | | `-- source-map@0.6.1 deduped
| | +-- stat-mode@0.3.0
| | `-- temp-file@3.3.4 deduped
| +-- builder-util-runtime@8.2.5
| | +-- bluebird-lst@1.0.9 deduped
| | +-- debug@4.1.1
| | | `-- ms@2.1.1 deduped
| | +-- fs-extra-p@8.1.0 deduped
| | `-- sax@1.2.4 deduped
| +-- chalk@2.4.2
| | +-- ansi-styles@3.2.1
| | | `-- color-convert@1.9.3
| | |   `-- color-name@1.1.3
| | +-- escape-string-regexp@1.0.5
| | `-- supports-color@5.5.0
| |   `-- has-flag@3.0.0
| +-- dmg-builder@6.7.2
| | +-- app-builder-lib@20.44.4 deduped
| | +-- bluebird-lst@1.0.9 deduped
| | +-- builder-util@10.1.2 deduped
| | +-- fs-extra-p@8.1.0 deduped
| | +-- iconv-lite@0.4.24 deduped
| | +-- js-yaml@3.13.1 deduped
| | +-- parse-color@1.0.0
| | | `-- color-convert@0.5.3
| | `-- sanitize-filename@1.6.3 deduped
| +-- fs-extra-p@8.1.0
| | +-- bluebird-lst@1.0.9 deduped
| | `-- fs-extra@8.1.0 deduped
| +-- is-ci@2.0.0
| | `-- ci-info@2.0.0
| +-- lazy-val@1.0.4
| +-- read-config-file@3.2.2
| | +-- ajv@6.10.0
| | | +-- fast-deep-equal@2.0.1
| | | +-- fast-json-stable-stringify@2.0.0
| | | +-- json-schema-traverse@0.4.1
| | | `-- uri-js@4.2.2
| | |   `-- punycode@2.1.1
| | +-- ajv-keywords@3.4.1
| | +-- bluebird-lst@1.0.9 deduped
| | +-- dotenv@6.2.0
| | +-- dotenv-expand@4.2.0
| | +-- fs-extra-p@7.0.1
| | | +-- bluebird-lst@1.0.9 deduped
| | | `-- fs-extra@7.0.1
| | |   +-- graceful-fs@4.1.15 deduped
| | |   +-- jsonfile@4.0.0 deduped
| | |   `-- universalify@0.1.2 deduped
| | +-- js-yaml@3.13.1 deduped
| | +-- json5@2.1.1
| | | `-- minimist@1.2.5 deduped
| | `-- lazy-val@1.0.4 deduped
| +-- sanitize-filename@1.6.3
| | `-- truncate-utf8-bytes@1.0.2
| |   `-- utf8-byte-length@1.0.4
| +-- update-notifier@3.0.1
| | +-- boxen@3.2.0
| | | +-- ansi-align@3.0.0
| | | | `-- string-width@3.1.0
| | | |   +-- emoji-regex@7.0.3 deduped
| | | |   +-- is-fullwidth-code-point@2.0.0
| | | |   `-- strip-ansi@5.2.0
| | | |     `-- ansi-regex@4.1.0
| | | +-- camelcase@5.3.1
| | | +-- chalk@2.4.2 deduped
| | | +-- cli-boxes@2.2.0
| | | +-- string-width@3.1.0
| | | | +-- emoji-regex@7.0.3 deduped
| | | | +-- is-fullwidth-code-point@2.0.0
| | | | `-- strip-ansi@5.2.0
| | | |   `-- ansi-regex@4.1.0
| | | +-- term-size@1.2.0
| | | | `-- execa@0.7.0
| | | |   +-- cross-spawn@5.1.0
| | | |   | +-- lru-cache@4.1.5
| | | |   | | +-- pseudomap@1.0.2
| | | |   | | `-- yallist@2.1.2
| | | |   | +-- shebang-command@1.2.0
| | | |   | | `-- shebang-regex@1.0.0
| | | |   | `-- which@1.3.1 deduped
| | | |   +-- get-stream@3.0.0
| | | |   +-- is-stream@1.1.0
| | | |   +-- npm-run-path@2.0.2
| | | |   | `-- path-key@2.0.1
| | | |   +-- p-finally@1.0.0
| | | |   +-- signal-exit@3.0.2 deduped
| | | |   `-- strip-eof@1.0.0
| | | +-- type-fest@0.3.1
| | | `-- widest-line@2.0.1
| | |   `-- string-width@2.1.1
| | |     +-- is-fullwidth-code-point@2.0.0
| | |     `-- strip-ansi@4.0.0
| | |       `-- ansi-regex@3.0.0
| | +-- chalk@2.4.2 deduped
| | +-- configstore@4.0.0
| | | +-- dot-prop@4.2.0
| | | | `-- is-obj@1.0.1
| | | +-- graceful-fs@4.1.15 deduped
| | | +-- make-dir@1.3.0
| | | | `-- pify@3.0.0
| | | +-- unique-string@1.0.0
| | | | `-- crypto-random-string@1.0.0
| | | +-- write-file-atomic@2.4.3
| | | | +-- graceful-fs@4.1.15 deduped
| | | | +-- imurmurhash@0.1.4
| | | | `-- signal-exit@3.0.2 deduped
| | | `-- xdg-basedir@3.0.0 deduped
| | +-- has-yarn@2.1.0
| | +-- import-lazy@2.1.0
| | +-- is-ci@2.0.0 deduped
| | +-- is-installed-globally@0.1.0
| | | +-- global-dirs@0.1.1
| | | | `-- ini@1.3.5
| | | `-- is-path-inside@1.0.1
| | |   `-- path-is-inside@1.0.2
| | +-- is-npm@3.0.0
| | +-- is-yarn-global@0.3.0
| | +-- latest-version@5.1.0
| | | `-- package-json@6.5.0
| | |   +-- got@9.6.0 deduped
| | |   +-- registry-auth-token@4.0.0
| | |   | +-- rc@1.2.8
| | |   | | +-- deep-extend@0.6.0
| | |   | | +-- ini@1.3.5 deduped
| | |   | | +-- minimist@1.2.5 deduped
| | |   | | `-- strip-json-comments@2.0.1
| | |   | `-- safe-buffer@5.1.2 deduped
| | |   +-- registry-url@5.1.0
| | |   | `-- rc@1.2.8 deduped
| | |   `-- semver@6.3.0
| | +-- semver-diff@2.1.0
| | | `-- semver@5.6.0 deduped
| | `-- xdg-basedir@3.0.0
| `-- yargs@13.3.0
|   +-- cliui@5.0.0
|   | +-- string-width@3.1.0
|   | | +-- emoji-regex@7.0.3 deduped
|   | | +-- is-fullwidth-code-point@2.0.0
|   | | `-- strip-ansi@5.2.0 deduped
|   | +-- strip-ansi@5.2.0
|   | | `-- ansi-regex@4.1.0
|   | `-- wrap-ansi@5.1.0
|   |   +-- ansi-styles@3.2.1 deduped
|   |   +-- string-width@3.1.0
|   |   | +-- emoji-regex@7.0.3 deduped
|   |   | +-- is-fullwidth-code-point@2.0.0
|   |   | `-- strip-ansi@5.2.0 deduped
|   |   `-- strip-ansi@5.2.0
|   |     `-- ansi-regex@4.1.0
|   +-- find-up@3.0.0
|   | `-- locate-path@3.0.0
|   |   +-- p-locate@3.0.0
|   |   | `-- p-limit@2.2.1
|   |   |   `-- p-try@2.2.0
|   |   `-- path-exists@3.0.0
|   +-- get-caller-file@2.0.5
|   +-- require-directory@2.1.1
|   +-- require-main-filename@2.0.0
|   +-- set-blocking@2.0.0
|   +-- string-width@3.1.0
|   | +-- emoji-regex@7.0.3
|   | +-- is-fullwidth-code-point@2.0.0
|   | `-- strip-ansi@5.2.0
|   |   `-- ansi-regex@4.1.0
|   +-- which-module@2.0.0
|   +-- y18n@4.0.0
|   `-- yargs-parser@13.1.2
|     +-- camelcase@5.3.1
|     `-- decamelize@1.2.0
+-- electron-is@3.0.0
| +-- electron-is-dev@0.3.0
| `-- semver@5.6.0
+-- electron-localshortcut@3.1.0
| +-- debug@2.6.9
| | `-- ms@2.0.0
| +-- electron-is-accelerator@0.1.2
| +-- keyboardevent-from-electron-accelerator@1.1.0
| `-- keyboardevents-areequal@0.2.2
+-- electron-log@3.0.1
+-- electron-reload@1.5.0
| `-- chokidar@3.4.1
|   +-- anymatch@3.1.1
|   | +-- normalize-path@3.0.0 deduped
|   | `-- picomatch@2.2.2
|   +-- braces@3.0.2
|   | `-- fill-range@7.0.1
|   |   `-- to-regex-range@5.0.1
|   |     `-- is-number@7.0.0
|   +-- UNMET OPTIONAL DEPENDENCY fsevents@2.1.3
|   +-- glob-parent@5.1.1
|   | `-- is-glob@4.0.1 deduped
|   +-- is-binary-path@2.1.0
|   | `-- binary-extensions@2.1.0
|   +-- is-glob@4.0.1
|   | `-- is-extglob@2.1.1
|   +-- normalize-path@3.0.0
|   `-- readdirp@3.4.0
|     `-- picomatch@2.2.2 deduped
+-- electron-spellchecker@2.2.1
| +-- @aabuhijleh/electron-remote@1.4.0
| | +-- debug@2.6.9
| | | `-- ms@2.0.0
| | +-- hashids@1.2.2
| | +-- lodash.get@4.4.2
| | +-- pify@2.3.0
| | +-- rxjs@5.5.12 deduped
| | `-- xmlhttprequest@1.8.0
| +-- @felixrieseberg/spellchecker@4.0.12
| | `-- nan@2.14.1
| +-- bcp47@1.1.2
| +-- cld@2.7.0
| | +-- glob@5.0.15
| | | +-- inflight@1.0.6 deduped
| | | +-- inherits@2.0.3 deduped
| | | +-- minimatch@3.0.4 deduped
| | | +-- once@1.4.0 deduped
| | | `-- path-is-absolute@1.0.1 deduped
| | +-- node-addon-api@3.0.0
| | +-- rimraf@2.6.3 deduped
| | `-- underscore@1.9.1
| +-- debug@4.1.1
| | `-- ms@2.1.1
| +-- keyboard-layout@2.0.16
| | +-- event-kit@2.5.3
| | `-- nan@2.14.1
| +-- lru-cache@5.1.1
| | `-- yallist@3.1.1
| +-- mkdirp@0.5.5 deduped
| +-- pify@4.0.1
| +-- rxjs@5.5.12
| | `-- symbol-observable@1.0.1
| +-- rxjs-serial-subscription@0.1.1
| | `-- rxjs@5.5.12 deduped
| `-- spawn-rx@2.0.12
|   +-- debug@2.6.9
|   | `-- ms@2.0.0
|   +-- lodash.assign@4.2.0
|   `-- rxjs@5.5.12 deduped
+-- electron-updater@4.1.2
| +-- @types/semver@6.2.0
| +-- builder-util-runtime@8.3.0
| | +-- debug@4.1.1
| | | `-- ms@2.1.1 deduped
| | `-- sax@1.2.4 deduped
| +-- fs-extra@8.1.0
| | +-- graceful-fs@4.2.3
| | +-- jsonfile@4.0.0
| | | `-- graceful-fs@4.1.15 deduped
| | `-- universalify@0.1.2
| +-- js-yaml@3.13.1
| | +-- argparse@1.0.10
| | | `-- sprintf-js@1.0.3
| | `-- esprima@4.0.1
| +-- lazy-val@1.0.4 deduped
| +-- lodash.isequal@4.5.0
| +-- pako@1.0.10
| `-- semver@6.3.0
+-- emojione@4.5.0
+-- fizzy-ui-utils@2.0.7
| `-- desandro-matches-selector@2.0.2 deduped
+-- get-size@2.0.3
+-- http-proxy@1.18.1
| +-- eventemitter3@4.0.4
| +-- follow-redirects@1.12.1
| `-- requires-port@1.0.0
+-- humanize@0.0.9
+-- imagesloaded@4.1.4
| `-- ev-emitter@1.1.1
+-- imports-loader@0.8.0
| +-- loader-utils@1.2.3
| | +-- big.js@5.2.2
| | +-- emojis-list@2.1.0
| | `-- json5@1.0.1
| |   `-- minimist@1.2.5 deduped
| `-- source-map@0.6.1
+-- isotope-layout@3.0.6
| +-- desandro-matches-selector@2.0.2 deduped
| +-- fizzy-ui-utils@2.0.7 deduped
| +-- get-size@2.0.3 deduped
| +-- masonry-layout@4.2.2 deduped
| `-- outlayer@2.1.1 deduped
+-- isotope-packery@2.0.1
| +-- isotope-layout@3.0.6 deduped
| `-- packery@2.1.2
|   +-- get-size@2.0.3 deduped
|   `-- outlayer@2.1.1 deduped
+-- jdenticon@2.1.1
| `-- canvas-renderer@2.1.1
+-- jquery-bridget@2.0.1
| `-- jquery@3.5.1
+-- jquery-textcomplete@1.8.5
+-- jquery.animate-number@0.0.14
| `-- jquery@3.5.1 deduped
+-- jsdom@8.5.0
| +-- abab@1.0.4
| +-- acorn@2.7.0
| +-- acorn-globals@1.0.9
| | `-- acorn@2.7.0 deduped
| +-- array-equal@1.0.0
| +-- cssom@0.3.6
| +-- cssstyle@0.2.37
| | `-- cssom@0.3.6 deduped
| +-- escodegen@1.11.1
| | +-- esprima@3.1.3
| | +-- estraverse@4.2.0
| | +-- esutils@2.0.2
| | +-- optionator@0.8.2
| | | +-- deep-is@0.1.3
| | | +-- fast-levenshtein@2.0.6
| | | +-- levn@0.3.0
| | | | +-- prelude-ls@1.1.2 deduped
| | | | `-- type-check@0.3.2 deduped
| | | +-- prelude-ls@1.1.2
| | | +-- type-check@0.3.2
| | | | `-- prelude-ls@1.1.2 deduped
| | | `-- wordwrap@1.0.0
| | `-- source-map@0.6.1 deduped
| +-- iconv-lite@0.4.24
| | `-- safer-buffer@2.1.2
| +-- nwmatcher@1.4.4
| +-- parse5@1.5.1
| +-- request@2.88.0
| | +-- aws-sign2@0.7.0
| | +-- aws4@1.8.0
| | +-- caseless@0.12.0
| | +-- combined-stream@1.0.7
| | | `-- delayed-stream@1.0.0
| | +-- extend@3.0.2
| | +-- forever-agent@0.6.1
| | +-- form-data@2.3.3
| | | +-- asynckit@0.4.0
| | | +-- combined-stream@1.0.7 deduped
| | | `-- mime-types@2.1.22 deduped
| | +-- har-validator@5.1.3
| | | +-- ajv@6.10.0 deduped
| | | `-- har-schema@2.0.0
| | +-- http-signature@1.2.0
| | | +-- assert-plus@1.0.0
| | | +-- jsprim@1.4.1
| | | | +-- assert-plus@1.0.0 deduped
| | | | +-- extsprintf@1.3.0
| | | | +-- json-schema@0.2.3
| | | | `-- verror@1.10.0
| | | |   +-- assert-plus@1.0.0 deduped
| | | |   +-- core-util-is@1.0.2 deduped
| | | |   `-- extsprintf@1.3.0 deduped
| | | `-- sshpk@1.16.1
| | |   +-- asn1@0.2.4
| | |   | `-- safer-buffer@2.1.2 deduped
| | |   +-- assert-plus@1.0.0 deduped
| | |   +-- bcrypt-pbkdf@1.0.2
| | |   | `-- tweetnacl@0.14.5 deduped
| | |   +-- dashdash@1.14.1
| | |   | `-- assert-plus@1.0.0 deduped
| | |   +-- ecc-jsbn@0.1.2
| | |   | +-- jsbn@0.1.1 deduped
| | |   | `-- safer-buffer@2.1.2 deduped
| | |   +-- getpass@0.1.7
| | |   | `-- assert-plus@1.0.0 deduped
| | |   +-- jsbn@0.1.1
| | |   +-- safer-buffer@2.1.2 deduped
| | |   `-- tweetnacl@0.14.5
| | +-- is-typedarray@1.0.0
| | +-- isstream@0.1.2
| | +-- json-stringify-safe@5.0.1
| | +-- mime-types@2.1.22
| | | `-- mime-db@1.38.0
| | +-- oauth-sign@0.9.0
| | +-- performance-now@2.1.0
| | +-- qs@6.5.2
| | +-- safe-buffer@5.1.2 deduped
| | +-- tough-cookie@2.4.3 deduped
| | +-- tunnel-agent@0.6.0
| | | `-- safe-buffer@5.1.2 deduped
| | `-- uuid@3.3.2
| +-- sax@1.2.4
| +-- symbol-tree@3.2.2
| +-- tough-cookie@2.4.3
| | +-- psl@1.1.31
| | `-- punycode@1.4.1
| +-- webidl-conversions@3.0.1
| +-- whatwg-url@2.0.1
| | +-- tr46@0.0.3
| | `-- webidl-conversions@3.0.1 deduped
| `-- xml-name-validator@2.0.1
+-- masonry-layout@4.2.2
| +-- get-size@2.0.3 deduped
| `-- outlayer@2.1.1 deduped
+-- medium-editor@5.23.3
+-- merkle-lib@2.0.10
+-- node-gyp@5.0.3
| +-- env-paths@1.0.0
| +-- glob@7.1.4
| | +-- fs.realpath@1.0.0
| | +-- inflight@1.0.6
| | | +-- once@1.4.0 deduped
| | | `-- wrappy@1.0.2
| | +-- inherits@2.0.3 deduped
| | +-- minimatch@3.0.4 deduped
| | +-- once@1.4.0
| | | `-- wrappy@1.0.2 deduped
| | `-- path-is-absolute@1.0.1 deduped
| +-- graceful-fs@4.1.15
| +-- mkdirp@0.5.5 deduped
| +-- nopt@3.0.6
| | `-- abbrev@1.1.1
| +-- npmlog@4.1.2
| | +-- are-we-there-yet@1.1.5
| | | +-- delegates@1.0.0
| | | `-- readable-stream@2.3.6
| | |   +-- core-util-is@1.0.2 deduped
| | |   +-- inherits@2.0.3 deduped
| | |   +-- isarray@1.0.0
| | |   +-- process-nextick-args@2.0.1 deduped
| | |   +-- safe-buffer@5.1.2 deduped
| | |   +-- string_decoder@1.1.1
| | |   | `-- safe-buffer@5.1.2 deduped
| | |   `-- util-deprecate@1.0.2 deduped
| | +-- console-control-strings@1.1.0
| | +-- gauge@2.7.4
| | | +-- aproba@1.2.0
| | | +-- console-control-strings@1.1.0 deduped
| | | +-- has-unicode@2.0.1
| | | +-- object-assign@4.1.1
| | | +-- signal-exit@3.0.2
| | | +-- string-width@1.0.2
| | | | +-- code-point-at@1.1.0
| | | | +-- is-fullwidth-code-point@1.0.0
| | | | | `-- number-is-nan@1.0.1
| | | | `-- strip-ansi@3.0.1 deduped
| | | +-- strip-ansi@3.0.1
| | | | `-- ansi-regex@2.1.1
| | | `-- wide-align@1.1.3
| | |   `-- string-width@1.0.2 deduped
| | `-- set-blocking@2.0.0 deduped
| +-- request@2.88.0 deduped
| +-- rimraf@2.6.3
| | `-- glob@7.1.4
| |   +-- fs.realpath@1.0.0 deduped
| |   +-- inflight@1.0.6 deduped
| |   +-- inherits@2.0.3 deduped
| |   +-- minimatch@3.0.4 deduped
| |   +-- once@1.4.0 deduped
| |   `-- path-is-absolute@1.0.1 deduped
| +-- semver@5.3.0
| +-- tar@4.4.13
| | +-- chownr@1.1.2
| | +-- fs-minipass@1.2.6
| | | `-- minipass@2.5.1
| | |   +-- safe-buffer@5.1.2 deduped
| | |   `-- yallist@3.0.3
| | +-- minipass@2.9.0
| | | +-- safe-buffer@5.1.2 deduped
| | | `-- yallist@3.1.1 deduped
| | +-- minizlib@1.2.1
| | | `-- minipass@2.5.1 deduped
| | +-- mkdirp@0.5.5 deduped
| | +-- safe-buffer@5.1.2 deduped
| | `-- yallist@3.1.1
| `-- which@1.3.1
|   `-- isexe@2.0.0
+-- node-reverse-wstunnel@1.0.0
| +-- optimist@0.6.1
| | +-- minimist@0.0.10
| | `-- wordwrap@0.0.3
| +-- under_score@0.1.0
| | `-- underscore@1.9.1 deduped
| `-- websocket@1.0.28
|   +-- debug@2.6.9
|   | `-- ms@2.0.0
|   +-- nan@2.12.1
|   +-- typedarray-to-buffer@3.1.5
|   | `-- is-typedarray@1.0.0 deduped
|   `-- yaeti@0.0.6
+-- node-static@0.7.11
| +-- colors@1.3.3
| +-- mime@1.6.0
| `-- optimist@0.6.1 deduped
+-- open@6.3.0
| `-- is-wsl@1.1.0
+-- outlayer@2.1.1
| +-- ev-emitter@1.1.1 deduped
| +-- fizzy-ui-utils@2.0.7 deduped
| `-- get-size@2.0.3 deduped
+-- pbkdf2@3.0.17
| +-- create-hash@1.2.0 deduped
| +-- create-hmac@1.1.7 deduped
| +-- ripemd160@2.0.2
| | +-- hash-base@3.0.4
| | | +-- inherits@2.0.3 deduped
| | | `-- safe-buffer@5.1.2 deduped
| | `-- inherits@2.0.3 deduped
| +-- safe-buffer@5.1.2 deduped
| `-- sha.js@2.4.11
|   +-- inherits@2.0.3 deduped
|   `-- safe-buffer@5.1.2 deduped
+-- pickadate@3.5.6
| `-- jquery@3.5.1 deduped
+-- pickadate-webpack@3.5.6
| `-- jquery@3.5.1 deduped
+-- pushdata-bitcoin@1.0.1
| `-- bitcoin-ops@1.4.1
+-- randombytes@2.1.0
| `-- safe-buffer@5.1.2 deduped
+-- socket.io@2.2.0
| +-- debug@4.1.1
| | `-- ms@2.1.1 deduped
| +-- engine.io@3.3.2
| | +-- accepts@1.3.5
| | | +-- mime-types@2.1.22 deduped
| | | `-- negotiator@0.6.1
| | +-- base64id@1.0.0
| | +-- cookie@0.3.1
| | +-- debug@3.1.0
| | | `-- ms@2.0.0
| | +-- engine.io-parser@2.1.3
| | | +-- after@0.8.2
| | | +-- arraybuffer.slice@0.0.7
| | | +-- base64-arraybuffer@0.1.5 deduped
| | | +-- blob@0.0.5
| | | `-- has-binary2@1.0.3 deduped
| | `-- ws@6.1.4 deduped
| +-- has-binary2@1.0.3
| | `-- isarray@2.0.1
| +-- socket.io-adapter@1.1.1
| +-- socket.io-client@2.2.0
| | +-- backo2@1.0.2
| | +-- base64-arraybuffer@0.1.5
| | +-- component-bind@1.0.0
| | +-- component-emitter@1.2.1
| | +-- debug@3.1.0
| | | `-- ms@2.0.0
| | +-- engine.io-client@3.3.2
| | | +-- component-emitter@1.2.1 deduped
| | | +-- component-inherit@0.0.3
| | | +-- debug@3.1.0
| | | | `-- ms@2.0.0
| | | +-- engine.io-parser@2.1.3 deduped
| | | +-- has-cors@1.1.0 deduped
| | | +-- indexof@0.0.1 deduped
| | | +-- parseqs@0.0.5 deduped
| | | +-- parseuri@0.0.5 deduped
| | | +-- ws@6.1.4 deduped
| | | +-- xmlhttprequest-ssl@1.5.5
| | | `-- yeast@0.1.2
| | +-- has-binary2@1.0.3 deduped
| | +-- has-cors@1.1.0
| | +-- indexof@0.0.1
| | +-- object-component@0.0.3
| | +-- parseqs@0.0.5
| | | `-- better-assert@1.0.2
| | |   `-- callsite@1.0.0
| | +-- parseuri@0.0.5
| | | `-- better-assert@1.0.2 deduped
| | +-- socket.io-parser@3.3.0 deduped
| | `-- to-array@0.1.4
| `-- socket.io-parser@3.3.0
|   +-- component-emitter@1.2.1 deduped
|   +-- debug@3.1.0
|   | `-- ms@2.0.0
|   `-- isarray@2.0.1 deduped
+-- sortablejs@1.8.3
+-- tiny-secp256k1@1.1.2
| +-- bn.js@4.11.8
| +-- create-hmac@1.1.7 deduped
| +-- elliptic@6.5.3
| | +-- bn.js@4.11.8 deduped
| | +-- brorand@1.1.0
| | +-- hash.js@1.1.7
| | | +-- inherits@2.0.3 deduped
| | | `-- minimalistic-assert@1.0.1 deduped
| | +-- hmac-drbg@1.0.1
| | | +-- hash.js@1.1.7 deduped
| | | +-- minimalistic-assert@1.0.1 deduped
| | | `-- minimalistic-crypto-utils@1.0.1 deduped
| | +-- inherits@2.0.3 deduped
| | +-- minimalistic-assert@1.0.1
| | `-- minimalistic-crypto-utils@1.0.1
| `-- tiny-secp256k1-native@1.1.0
|   +-- bindings@1.5.0
|   | `-- file-uri-to-path@1.0.0
|   `-- nan@2.14.0
+-- typeforce@1.18.0
+-- uglify-js@3.6.9
| +-- commander@2.20.3
| `-- source-map@0.6.1 deduped
+-- varuint-bitcoin@1.1.0
| `-- safe-buffer@5.1.2 deduped
+-- wif@2.0.6
| `-- bs58check@2.1.2 deduped
+-- ws@6.1.4
| `-- async-limiter@1.0.0
`-- yuicompressor@2.4.8

